CCS PCM C Compiler, Version 5.008, 5967               16-oct.-16 11:55

               Filename:   C:\Users\TDB_PC\Documents\CCS C Projects\PIC16F1824_Blink.lst

               ROM used:   75 words (2%)
                           Largest free fragment is 2048
               RAM used:   5 (2%) at main() level
                           16 (6%) worst case
               Stack used: 1 locations
               Stack size: 16

*
0000:  MOVLP  00
0001:  GOTO   018
0002:  NOP
.................... #include <PIC16F1824_Blink.h> 
.................... #include <16F1824.h> 
.................... //////// Standard Header file for the PIC16F1824 device //////////////// 
.................... #device PIC16F1824 
....................  
.................... #list 
....................  
.................... #device ADC=16 
....................  
.................... #FUSES NOWDT                    //No Watch Dog Timer 
.................... #FUSES NOMCLR                   //Master Clear pin used for I/O 
.................... #FUSES NOBROWNOUT               //No brownout reset 
.................... #FUSES NOLVP                    //No low voltage prgming, B3(PIC16) or B5(PIC18) used for I/O 
....................  
.................... #use delay(internal=8000000) 
0003:  MOVLW  20
0004:  MOVWF  05
0005:  MOVLW  01
0006:  MOVWF  04
0007:  MOVF   00,W
0008:  BTFSC  03.2
0009:  GOTO   017
000A:  MOVLW  02
000B:  MOVWF  78
000C:  CLRF   77
000D:  DECFSZ 77,F
000E:  GOTO   00D
000F:  DECFSZ 78,F
0010:  GOTO   00C
0011:  MOVLW  97
0012:  MOVWF  77
0013:  DECFSZ 77,F
0014:  GOTO   013
0015:  DECFSZ 00,F
0016:  GOTO   00A
0017:  RETURN
....................  
.................... #define LED PIN_C0 
....................  
....................  
....................  
....................  
.................... #define LEDA PIN_C0 
.................... #define LEDB PIN_C2 
.................... #define inCoil PIN_C3 
.................... #define DELAY 25 
.................... void main() { 
0018:  MOVLW  72
0019:  MOVLB  01
001A:  MOVWF  19
001B:  MOVLB  03
001C:  CLRF   0C
001D:  CLRF   0E
001E:  MOVLB  02
001F:  CLRF   12
0020:  CLRF   11
0021:  CLRF   14
0022:  CLRF   13
....................  
....................    //Example blinking LED program 
....................    while(true){ 
....................     if (input(inCoil) == 0) { 
0023:  MOVLB  01
0024:  BSF    0E.3
0025:  MOVLB  00
0026:  BTFSC  0E.3
0027:  GOTO   048
....................         output_high(LEDA);//10 
0028:  MOVLB  01
0029:  BCF    0E.0
002A:  MOVLB  02
002B:  BSF    0E.0
....................         delay_ms(DELAY); 
002C:  MOVLW  19
002D:  MOVLB  00
002E:  MOVWF  21
002F:  CALL   003
....................      //   output_low(LEDB); 
....................        // delay_ms(DELAY); 
....................        
....................       //  output_high(LEDA);//11 
....................       //  delay_ms(DELAYUS); 
....................         output_high(LEDB);         
0030:  MOVLB  01
0031:  BCF    0E.2
0032:  MOVLB  02
0033:  BSF    0E.2
....................         delay_ms(DELAY); 
0034:  MOVLW  19
0035:  MOVLB  00
0036:  MOVWF  21
0037:  CALL   003
....................          
....................         output_low(LEDA);//01 
0038:  MOVLB  01
0039:  BCF    0E.0
003A:  MOVLB  02
003B:  BCF    0E.0
....................         delay_ms(DELAY); 
003C:  MOVLW  19
003D:  MOVLB  00
003E:  MOVWF  21
003F:  CALL   003
....................     //    output_high(LEDB);         
....................       //  delay_ms(DELAY); 
....................          
....................     //    output_low(LEDA);//00 
....................       //  delay_ms(DELAYUS); 
....................         output_low(LEDB); 
0040:  MOVLB  01
0041:  BCF    0E.2
0042:  MOVLB  02
0043:  BCF    0E.2
....................         delay_ms(DELAY); 
0044:  MOVLW  19
0045:  MOVLB  00
0046:  MOVWF  21
0047:  CALL   003
....................     }   
0048:  MOVLB  02
0049:  GOTO   023
....................       /*output_low(LED); 
....................       delay_ms(DELAY); 
....................       output_high(LED); 
....................       delay_ms(DELAY);*/ 
....................    } 
....................  
.................... } 
004A:  SLEEP

Configuration Fuses:
   Word  1: 3984   INTRC_IO NOWDT PUT NOMCLR NOPROTECT NOCPD NOBROWNOUT NOCLKOUT IESO FCMEN
   Word  2: 1EFF   NOWRT PLL_SW STVREN BORV19 NODEBUG NOLVP
